Microchip MPLAB XC8 Compiler V1.40 ()

Linker command line:

-W-3 --edf=C:\Program Files (x86)\Microchip\xc8\v1.40\dat\en_msgs.txt -cs \
  -h+dist/default/production\ahme.X.production.sym \
  --cmf=dist/default/production\ahme.X.production.cmf -z -Q16F877 \
  -oC:\Users\user\AppData\Local\Temp\s2t8.2 \
  -Mdist/default/production/ahme.X.production.map -E1 -ver=XC8 \
  -ASTACK=0110h-016fh -pstack=STACK -ACODE=00h-07FFhx4 -ASTRCODE=00h-01FFFh \
  -ASTRING=00h-0FFhx32 -ACONST=00h-0FFhx32 -AENTRY=00h-0FFhx32 \
  -ACOMMON=070h-07Fh -ABANK0=020h-06Fh -ABANK1=0A0h-0EFh \
  -ABANK2=0110h-016Fh -ABANK3=0190h-01EFh \
  -ARAM=020h-06Fh,0A0h-0EFh,0110h-016Fh,0190h-01EFh \
  -AABS1=020h-07Fh,0A0h-0EFh,0110h-016Fh,0190h-01EFh -ASFR0=00h-01Fh \
  -ASFR1=080h-09Fh -ASFR2=0100h-010Fh -ASFR3=0180h-018Fh \
  -preset_vec=00h,intentry=04h,init,end_init -ppowerup=CODE -pcinit=CODE \
  -pfunctab=CODE -ACONFIG=02007h-02007h -pconfig=CONFIG -DCONFIG=2 \
  -AIDLOC=02000h-02003h -pidloc=IDLOC -DIDLOC=2 -AEEDATA=00h-0FFh/02100h \
  -peeprom_data=EEDATA -DEEDATA=2 -DCODE=2 -DSTRCODE=2 -DSTRING=2 -DCONST=2 \
  -DENTRY=2 -k C:\Users\user\AppData\Local\Temp\s2t8.obj \
  dist/default/production\ahme.X.production.obj 

Object code version is 3.11

Machine type is 16F877



                Name                               Link     Load   Length Selector   Space Scale
C:\Users\user\AppData\Local\Temp\s2t8.obj
                end_init                             12       12        3        8       0
                reset_vec                             0        0        3        0       0
dist/default/production\ahme.X.production.obj
                cinit                                15       15        4        8       0
                intentry                              4        4        E        8       0
                text5                               19A      19A       9D        8       0
                text4                               237      237       6B        8       0
                text3                               2E0      2E0       36        8       0
                text2                                19       19      181        8       0
                text1                               2A2      2A2       3E        8       0
                maintext                            316      316       1C        8       0
                cstackBANK0                          20       20       15       20       1
                cstackCOMMON                         70       70        B       70       1
                cstackBANK1                          A0       A0       48       A0       1

TOTAL           Name                               Link     Load   Length     Space
        CLASS   STACK          

        CLASS   CODE           
                end_init                             12       12        3         0
                cinit                                15       15        4         0
                intentry                              4        4        E         0
                reset_vec                             0        0        3         0
                text5                               19A      19A       9D         0
                text4                               237      237       6B         0
                text3                               2E0      2E0       36         0
                text2                                19       19      181         0
                text1                               2A2      2A2       3E         0
                maintext                            316      316       1C         0

        CLASS   STRCODE        

        CLASS   STRING         

        CLASS   CONST          

        CLASS   ENTRY          

        CLASS   COMMON         
                cstackCOMMON                         70       70        B         1

        CLASS   BANK0          
                cstackBANK0                          20       20       15         1

        CLASS   BANK1          
                cstackBANK1                          A0       A0       48         1

        CLASS   BANK2          

        CLASS   BANK3          

        CLASS   RAM            

        CLASS   ABS1           
                abs_s1                               7E       7E        2         1

        CLASS   SFR0           

        CLASS   SFR1           

        CLASS   SFR2           

        CLASS   SFR3           

        CLASS   CONFIG         

        CLASS   IDLOC          

        CLASS   EEDATA         



SEGMENTS        Name                           Load    Length   Top    Selector   Space  Class     Delta

                reset_vec                      000000  000003  000003         0       0  CODE        2
                intentry                       000004  00032E  000332         8       0  CODE        2
                cstackBANK0                    000020  000015  000035        20       1  BANK0       1
                cstackCOMMON                   000070  00000B  00007B        70       1  COMMON      1
                cstackBANK1                    0000A0  000048  0000E8        A0       1  BANK1       1


UNUSED ADDRESS RANGES

        Name                Unused          Largest block    Delta
        BANK0            035-06F            3B           1
        BANK1            0E8-0EF             8           1
        BANK2            110-16F            60           1
        BANK3            190-1EF            60           1
        CODE             003-003             1           2
                         332-1FFF           800
        COMMON           07B-07D             3           1
        CONFIG           2007-2007             1           2
        CONST            003-003             1           2
                         332-1FFF           100
        EEDATA           2100-21FF           100           2
        ENTRY            003-003             1           2
                         332-1FFF           100
        IDLOC            2000-2003             4           2
        RAM              035-06F            3B           1
                         0E8-0EF             8
                         110-16F            60
                         190-1EF            60
        SFR0             000-01F            20           1
        SFR1             080-09F            20           1
        SFR2             100-10F            10           1
        SFR3             180-18F            10           1
        STACK            110-16F            60           1
        STRCODE          003-003             1           2
                         332-1FFF          1CCE
        STRING           003-003             1           2
                         332-1FFF           100

                                  Symbol Table

?_selection              cstackCOMMON 070
_INTCON                  (abs)        00B
_INTCONbits              (abs)        00B
_INTF                    (abs)        059
_PORTA                   (abs)        005
_PORTD                   (abs)        008
_RB1                     (abs)        031
_RB2                     (abs)        032
_RB3                     (abs)        033
_RB4                     (abs)        034
_RB5                     (abs)        035
_RB6                     (abs)        036
_RB7                     (abs)        037
_RC0                     (abs)        038
_RC1                     (abs)        039
_RC2                     (abs)        03A
_RC3                     (abs)        03B
_RC4                     (abs)        03C
_RC5                     (abs)        03D
_RC6                     (abs)        03E
_RC7                     (abs)        03F
_RE0                     (abs)        048
_RE1                     (abs)        049
_TRISA                   (abs)        085
_TRISB                   (abs)        086
_TRISC                   (abs)        087
_TRISD                   (abs)        088
_TRISE                   (abs)        089
__Habs1                  abs1         000
__Hbank0                 bank0        000
__Hbank1                 bank1        000
__Hbank2                 bank2        000
__Hbank3                 bank3        000
__Hcinit                 cinit        019
__Hclrtext               clrtext      000
__Hcode                  code         000
__Hcommon                common       000
__Hconfig                config       000
__HcstackBANK0           cstackBANK0  000
__HcstackBANK1           cstackBANK1  000
__HcstackCOMMON          cstackCOMMON 000
__Heeprom_data           eeprom_data  000
__Hend_init              end_init     015
__Hfunctab               functab      000
__Hidloc                 idloc        000
__Hinit                  init         012
__Hintentry              intentry     012
__Hmaintext              maintext     000
__Hpowerup               powerup      000
__Hram                   ram          000
__Hreset_vec             reset_vec    003
__Hsfr0                  sfr0         000
__Hsfr1                  sfr1         000
__Hsfr2                  sfr2         000
__Hsfr3                  sfr3         000
__Hspace_0               (abs)        332
__Hspace_1               (abs)        0E8
__Hspace_2               (abs)        000
__Hspace_3               (abs)        000
__Hstack                 stack        000
__Hstrings               strings      000
__Htext                  text         000
__Labs1                  abs1         000
__Lbank0                 bank0        000
__Lbank1                 bank1        000
__Lbank2                 bank2        000
__Lbank3                 bank3        000
__Lcinit                 cinit        015
__Lclrtext               clrtext      000
__Lcode                  code         000
__Lcommon                common       000
__Lconfig                config       000
__LcstackBANK0           cstackBANK0  000
__LcstackBANK1           cstackBANK1  000
__LcstackCOMMON          cstackCOMMON 000
__Leeprom_data           eeprom_data  000
__Lend_init              end_init     012
__Lfunctab               functab      000
__Lidloc                 idloc        000
__Linit                  init         012
__Lintentry              intentry     004
__Lmaintext              maintext     000
__Lpowerup               powerup      000
__Lram                   ram          000
__Lreset_vec             reset_vec    000
__Lsfr0                  sfr0         000
__Lsfr1                  sfr1         000
__Lsfr2                  sfr2         000
__Lsfr3                  sfr3         000
__Lspace_0               (abs)        000
__Lspace_1               (abs)        000
__Lspace_2               (abs)        000
__Lspace_3               (abs)        000
__Lstack                 stack        000
__Lstrings               strings      000
__Ltext                  text         000
__S0                     (abs)        332
__S1                     (abs)        0E8
__S2                     (abs)        000
__S3                     (abs)        000
___int_sp                stack        000
___latbits               (abs)        002
___sp                    stack        000
__end_of__initialization cinit        015
__end_of_abc             text2        19A
__end_of_afficher        text5        237
__end_of_attente         text1        2E0
__end_of_main            maintext     332
__end_of_selection       text4        2A2
__end_ofi1_attente       text3        316
__initialization         cinit        015
__pcstackBANK0           cstackBANK0  020
__pcstackBANK1           cstackBANK1  0A0
__pcstackCOMMON          cstackCOMMON 070
__pintentry              intentry     004
__pmaintext              maintext     316
__ptext1                 text1        2A2
__ptext2                 text2        019
__ptext3                 text3        2E0
__ptext4                 text4        237
__ptext5                 text5        19A
__size_of_abc            (abs)        000
__size_of_afficher       (abs)        000
__size_of_attente        (abs)        000
__size_of_main           (abs)        000
__size_of_selection      (abs)        000
__size_ofi1_attente      (abs)        000
_abc                     text2        019
_afficher                text5        19A
_attente                 text1        2A2
_main                    maintext     316
_selection               text4        237
abc@i                    cstackBANK1  0E6
abc@im                   cstackBANK1  0C0
abc@j                    cstackBANK1  0BE
abc@min                  cstackBANK1  0E2
abc@q                    cstackBANK1  0E4
abc@tab1                 cstackBANK1  0C2
abc@tab2                 cstackBANK1  0A0
abc@v                    cstackBANK1  0E0
afficher@im              cstackCOMMON 070
attente@i                cstackBANK0  02F
attente@j                cstackBANK0  031
btemp                    (abs)        07E
end_of_initialization    cinit        015
i1_attente               text3        2E0
i1attente@i              cstackCOMMON 070
i1attente@j              cstackCOMMON 072
interrupt_function       intentry     004
intlevel0                functab      000
intlevel1                functab      000
intlevel2                functab      000
intlevel3                functab      000
intlevel4                functab      000
intlevel5                functab      000
main@k                   cstackBANK0  033
reset_vec                reset_vec    000
saved_w                  (abs)        07E
selection@i              cstackBANK0  023
selection@min            cstackBANK0  021
selection@tab1           cstackBANK0  020
selection@tab2           cstackCOMMON 070
stackhi                  (abs)        000
stacklo                  (abs)        000
start                    init         012
start_initialization     cinit        015
wtemp0                   (abs)        07E


FUNCTION INFORMATION:

 *************** function _main *****************
 Defined at:
		line 238 in file "newmain55.c"
 Parameters:    Size  Location     Type
		None
 Auto vars:     Size  Location     Type
  k               2   19[BANK0 ] int 
 Return value:  Size  Location     Type
                  1    wreg      void 
 Registers used:
		wreg, status,2, status,0, btemp+1, pclath, cstack
 Tracked objects:
		On entry : 
		On exit  : 
		Unchanged: 
 Data sizes:     COMMON   BANK0   BANK1   BANK3   BANK2
      Params:         0       0       0       0       0
      Locals:         0       2       0       0       0
      Temps:          0       0       0       0       0
      Totals:         0       2       0       0       0
Total ram usage:        2 bytes
 Hardware stack levels required when called:    3
 This function calls:
		_attente
 This function is called by:
		Startup code after reset
 This function uses a non-reentrant model


 *************** function _attente *****************
 Defined at:
		line 91 in file "newmain55.c"
 Parameters:    Size  Location     Type
		None
 Auto vars:     Size  Location     Type
  j               2   17[BANK0 ] int 
  i               2   15[BANK0 ] int 
 Return value:  Size  Location     Type
                  1    wreg      void 
 Registers used:
		wreg, status,2, btemp+1
 Tracked objects:
		On entry : 
		On exit  : 
		Unchanged: 
 Data sizes:     COMMON   BANK0   BANK1   BANK3   BANK2
      Params:         0       0       0       0       0
      Locals:         0       4       0       0       0
      Temps:          0       0       0       0       0
      Totals:         0       4       0       0       0
Total ram usage:        4 bytes
 Hardware stack levels used:    1
 Hardware stack levels required when called:    2
 This function calls:
		Nothing
 This function is called by:
		_main
 This function uses a non-reentrant model


 *************** function _abc *****************
 Defined at:
		line 104 in file "newmain55.c"
 Parameters:    Size  Location     Type
		None
 Auto vars:     Size  Location     Type
  tab1           30   34[BANK1 ] int [15]
  tab2           30    0[BANK1 ] int [15]
  i               2   70[BANK1 ] int 
  q               2   68[BANK1 ] int 
  min             2   66[BANK1 ] int 
  v               2   64[BANK1 ] int 
  im              2   32[BANK1 ] int 
  j               2   30[BANK1 ] int 
 Return value:  Size  Location     Type
                  1    wreg      void 
 Registers used:
		wreg, fsr0l, fsr0h, status,2, status,0, btemp+1, pclath, cstack
 Tracked objects:
		On entry : 
		On exit  : 
		Unchanged: 
 Data sizes:     COMMON   BANK0   BANK1   BANK3   BANK2
      Params:         0       0       0       0       0
      Locals:         0       0      72       0       0
      Temps:          0      10       0       0       0
      Totals:         0      10      72       0       0
Total ram usage:       82 bytes
 Hardware stack levels used:    1
 Hardware stack levels required when called:    1
 This function calls:
		_afficher
		_selection
		i1_attente
 This function is called by:
		Interrupt level 1
 This function uses a non-reentrant model


 *************** function i1_attente *****************
 Defined at:
		line 91 in file "newmain55.c"
 Parameters:    Size  Location     Type
		None
 Auto vars:     Size  Location     Type
  attente         2    2[COMMON] int 
  attente         2    0[COMMON] int 
 Return value:  Size  Location     Type
                  1    wreg      void 
 Registers used:
		wreg, status,2, btemp+1
 Tracked objects:
		On entry : 
		On exit  : 
		Unchanged: 
 Data sizes:     COMMON   BANK0   BANK1   BANK3   BANK2
      Params:         0       0       0       0       0
      Locals:         4       0       0       0       0
      Temps:          0       0       0       0       0
      Totals:         4       0       0       0       0
Total ram usage:        4 bytes
 Hardware stack levels used:    1
 This function calls:
		Nothing
 This function is called by:
		_abc
 This function uses a non-reentrant model


 *************** function _selection *****************
 Defined at:
		line 10 in file "newmain55.c"
 Parameters:    Size  Location     Type
  tab1            1    wreg     PTR int 
		 -> abc@tab1(30), 
  tab2            1    0[COMMON] PTR int 
		 -> abc@tab2(30), 
 Auto vars:     Size  Location     Type
  tab1            1    0[BANK0 ] PTR int 
		 -> abc@tab1(30), 
  i               2    3[BANK0 ] int 
  min             2    1[BANK0 ] int 
 Return value:  Size  Location     Type
                  2    0[COMMON] int 
 Registers used:
		wreg, fsr0l, fsr0h, status,2, status,0, btemp+1
 Tracked objects:
		On entry : 
		On exit  : 
		Unchanged: 
 Data sizes:     COMMON   BANK0   BANK1   BANK3   BANK2
      Params:         2       0       0       0       0
      Locals:         0       5       0       0       0
      Temps:          9       0       0       0       0
      Totals:        11       5       0       0       0
Total ram usage:       16 bytes
 Hardware stack levels used:    1
 This function calls:
		Nothing
 This function is called by:
		_abc
 This function uses a non-reentrant model


 *************** function _afficher *****************
 Defined at:
		line 48 in file "newmain55.c"
 Parameters:    Size  Location     Type
  im              2    0[COMMON] int 
 Auto vars:     Size  Location     Type
		None
 Return value:  Size  Location     Type
                  1    wreg      void 
 Registers used:
		wreg, fsr0l, fsr0h, status,2, status,0
 Tracked objects:
		On entry : 
		On exit  : 
		Unchanged: 
 Data sizes:     COMMON   BANK0   BANK1   BANK3   BANK2
      Params:         2       0       0       0       0
      Locals:         0       0       0       0       0
      Temps:          0       0       0       0       0
      Totals:         2       0       0       0       0
Total ram usage:        2 bytes
 Hardware stack levels used:    1
 This function calls:
		Nothing
 This function is called by:
		_abc
 This function uses a non-reentrant model



MODULE INFORMATION

Module		Function		Class		Link	Load	Size
shared
		i1_attente     		CODE           	02E0	0000	55
		__initialization		CODE           	0015	0000	1

shared estimated size: 56

newmain55.c
		_afficher      		CODE           	019A	0000	158
		_main          		CODE           	0316	0000	29
		_abc           		CODE           	0019	0000	386
		_attente       		CODE           	02A2	0000	63
		_selection     		CODE           	0237	0000	108

newmain55.c estimated size: 744

